/home/pc/irc_ws/irc_ws/install/irc_control_pkg/lib/python3.10/site-packages/irc_control_pkg/detect_yolo_sam_obb_pub.py
/home/pc/irc_ws/irc_ws/install/irc_control_pkg/lib/python3.10/site-packages/irc_control_pkg/transform_node.py
/home/pc/irc_ws/irc_ws/install/irc_control_pkg/lib/python3.10/site-packages/irc_control_pkg/point_pose_node.py
/home/pc/irc_ws/irc_ws/install/irc_control_pkg/lib/python3.10/site-packages/irc_control_pkg/motor_motion_control_node.py
/home/pc/irc_ws/irc_ws/install/irc_control_pkg/lib/python3.10/site-packages/irc_control_pkg/main_irc.py
/home/pc/irc_ws/irc_ws/install/irc_control_pkg/lib/python3.10/site-packages/irc_control_pkg/__init__.py
/home/pc/irc_ws/irc_ws/install/irc_control_pkg/lib/python3.10/site-packages/irc_control_pkg/__pycache__/detect_yolo_sam_obb_pub.cpython-310.pyc
/home/pc/irc_ws/irc_ws/install/irc_control_pkg/lib/python3.10/site-packages/irc_control_pkg/__pycache__/transform_node.cpython-310.pyc
/home/pc/irc_ws/irc_ws/install/irc_control_pkg/lib/python3.10/site-packages/irc_control_pkg/__pycache__/point_pose_node.cpython-310.pyc
/home/pc/irc_ws/irc_ws/install/irc_control_pkg/lib/python3.10/site-packages/irc_control_pkg/__pycache__/motor_motion_control_node.cpython-310.pyc
/home/pc/irc_ws/irc_ws/install/irc_control_pkg/lib/python3.10/site-packages/irc_control_pkg/__pycache__/main_irc.cpython-310.pyc
/home/pc/irc_ws/irc_ws/install/irc_control_pkg/lib/python3.10/site-packages/irc_control_pkg/__pycache__/__init__.cpython-310.pyc
/home/pc/irc_ws/irc_ws/install/irc_control_pkg/share/ament_index/resource_index/packages/irc_control_pkg
/home/pc/irc_ws/irc_ws/install/irc_control_pkg/share/irc_control_pkg/package.xml
/home/pc/irc_ws/irc_ws/install/irc_control_pkg/share/irc_control_pkg/launch
/home/pc/irc_ws/irc_ws/install/irc_control_pkg/lib/python3.10/site-packages/irc_control_pkg-0.0.0-py3.10.egg-info/dependency_links.txt
/home/pc/irc_ws/irc_ws/install/irc_control_pkg/lib/python3.10/site-packages/irc_control_pkg-0.0.0-py3.10.egg-info/zip-safe
/home/pc/irc_ws/irc_ws/install/irc_control_pkg/lib/python3.10/site-packages/irc_control_pkg-0.0.0-py3.10.egg-info/entry_points.txt
/home/pc/irc_ws/irc_ws/install/irc_control_pkg/lib/python3.10/site-packages/irc_control_pkg-0.0.0-py3.10.egg-info/top_level.txt
/home/pc/irc_ws/irc_ws/install/irc_control_pkg/lib/python3.10/site-packages/irc_control_pkg-0.0.0-py3.10.egg-info/SOURCES.txt
/home/pc/irc_ws/irc_ws/install/irc_control_pkg/lib/python3.10/site-packages/irc_control_pkg-0.0.0-py3.10.egg-info/requires.txt
/home/pc/irc_ws/irc_ws/install/irc_control_pkg/lib/python3.10/site-packages/irc_control_pkg-0.0.0-py3.10.egg-info/PKG-INFO
/home/pc/irc_ws/irc_ws/install/irc_control_pkg/lib/irc_control_pkg/detect_yolo_sam_obb_pub
/home/pc/irc_ws/irc_ws/install/irc_control_pkg/lib/irc_control_pkg/main_irc_node
/home/pc/irc_ws/irc_ws/install/irc_control_pkg/lib/irc_control_pkg/motor_motion_control_node
/home/pc/irc_ws/irc_ws/install/irc_control_pkg/lib/irc_control_pkg/point_pose_node
/home/pc/irc_ws/irc_ws/install/irc_control_pkg/lib/irc_control_pkg/transform_node
