running egg_info
creating ../../build/irc_control_pkg/irc_control_pkg.egg-info
writing manifest file '../../build/irc_control_pkg/irc_control_pkg.egg-info/SOURCES.txt'
writing manifest file '../../build/irc_control_pkg/irc_control_pkg.egg-info/SOURCES.txt'
running build
running build_py
creating /home/pc/irc_ws/irc_ws/build/irc_control_pkg/build
creating /home/pc/irc_ws/irc_ws/build/irc_control_pkg/build/lib
creating /home/pc/irc_ws/irc_ws/build/irc_control_pkg/build/lib/irc_control_pkg
copying irc_control_pkg/detect_yolo_sam_obb_pub.py -> /home/pc/irc_ws/irc_ws/build/irc_control_pkg/build/lib/irc_control_pkg
copying irc_control_pkg/transform_node.py -> /home/pc/irc_ws/irc_ws/build/irc_control_pkg/build/lib/irc_control_pkg
copying irc_control_pkg/point_pose_node.py -> /home/pc/irc_ws/irc_ws/build/irc_control_pkg/build/lib/irc_control_pkg
copying irc_control_pkg/motor_motion_control_node.py -> /home/pc/irc_ws/irc_ws/build/irc_control_pkg/build/lib/irc_control_pkg
copying irc_control_pkg/main_irc.py -> /home/pc/irc_ws/irc_ws/build/irc_control_pkg/build/lib/irc_control_pkg
copying irc_control_pkg/__init__.py -> /home/pc/irc_ws/irc_ws/build/irc_control_pkg/build/lib/irc_control_pkg
running install
running install_lib
creating /home/pc/irc_ws/irc_ws/install/irc_control_pkg/lib/python3.10/site-packages/irc_control_pkg
byte-compiling /home/pc/irc_ws/irc_ws/install/irc_control_pkg/lib/python3.10/site-packages/irc_control_pkg/detect_yolo_sam_obb_pub.py to detect_yolo_sam_obb_pub.cpython-310.pyc
byte-compiling /home/pc/irc_ws/irc_ws/install/irc_control_pkg/lib/python3.10/site-packages/irc_control_pkg/transform_node.py to transform_node.cpython-310.pyc
byte-compiling /home/pc/irc_ws/irc_ws/install/irc_control_pkg/lib/python3.10/site-packages/irc_control_pkg/point_pose_node.py to point_pose_node.cpython-310.pyc
byte-compiling /home/pc/irc_ws/irc_ws/install/irc_control_pkg/lib/python3.10/site-packages/irc_control_pkg/motor_motion_control_node.py to motor_motion_control_node.cpython-310.pyc
byte-compiling /home/pc/irc_ws/irc_ws/install/irc_control_pkg/lib/python3.10/site-packages/irc_control_pkg/main_irc.py to main_irc.cpython-310.pyc
byte-compiling /home/pc/irc_ws/irc_ws/install/irc_control_pkg/lib/python3.10/site-packages/irc_control_pkg/__init__.py to __init__.cpython-310.pyc
running install_data
creating /home/pc/irc_ws/irc_ws/install/irc_control_pkg/share/ament_index
creating /home/pc/irc_ws/irc_ws/install/irc_control_pkg/share/ament_index/resource_index
creating /home/pc/irc_ws/irc_ws/install/irc_control_pkg/share/ament_index/resource_index/packages
copying resource/irc_control_pkg -> /home/pc/irc_ws/irc_ws/install/irc_control_pkg/share/ament_index/resource_index/packages
copying package.xml -> /home/pc/irc_ws/irc_ws/install/irc_control_pkg/share/irc_control_pkg
running install_egg_info
Copying ../../build/irc_control_pkg/irc_control_pkg.egg-info to /home/pc/irc_ws/irc_ws/install/irc_control_pkg/lib/python3.10/site-packages/irc_control_pkg-0.0.0-py3.10.egg-info
running install_scripts
writing list of installed files to '/home/pc/irc_ws/irc_ws/build/irc_control_pkg/install.log'
