[0.397s] Invoking command in '/home/pc/irc_ws/irc_ws/src/irc_control_pkg': PYTHONPATH=/home/pc/irc_ws/irc_ws/build/irc_control_pkg/prefix_override:/usr/lib/python3/dist-packages/colcon_core/task/python/colcon_distutils_commands:/home/pc/irc_ws/irc_ws/install/irc_control_pkg/lib/python3.10/site-packages:${PYTHONPATH} /usr/bin/python3 -W ignore:setup.py install is deprecated -W ignore:easy_install command is deprecated setup.py egg_info --egg-base ../../build/irc_control_pkg build --build-base /home/pc/irc_ws/irc_ws/build/irc_control_pkg/build install --record /home/pc/irc_ws/irc_ws/build/irc_control_pkg/install.log --single-version-externally-managed install_data
[0.553s] running egg_info
[0.553s] creating ../../build/irc_control_pkg/irc_control_pkg.egg-info
[0.554s] writing manifest file '../../build/irc_control_pkg/irc_control_pkg.egg-info/SOURCES.txt'
[0.555s] writing manifest file '../../build/irc_control_pkg/irc_control_pkg.egg-info/SOURCES.txt'
[0.555s] running build
[0.555s] running build_py
[0.555s] creating /home/pc/irc_ws/irc_ws/build/irc_control_pkg/build
[0.555s] creating /home/pc/irc_ws/irc_ws/build/irc_control_pkg/build/lib
[0.555s] creating /home/pc/irc_ws/irc_ws/build/irc_control_pkg/build/lib/irc_control_pkg
[0.555s] copying irc_control_pkg/detect_yolo_sam_obb_pub.py -> /home/pc/irc_ws/irc_ws/build/irc_control_pkg/build/lib/irc_control_pkg
[0.555s] copying irc_control_pkg/transform_node.py -> /home/pc/irc_ws/irc_ws/build/irc_control_pkg/build/lib/irc_control_pkg
[0.555s] copying irc_control_pkg/point_pose_node.py -> /home/pc/irc_ws/irc_ws/build/irc_control_pkg/build/lib/irc_control_pkg
[0.556s] copying irc_control_pkg/motor_motion_control_node.py -> /home/pc/irc_ws/irc_ws/build/irc_control_pkg/build/lib/irc_control_pkg
[0.556s] copying irc_control_pkg/main_irc.py -> /home/pc/irc_ws/irc_ws/build/irc_control_pkg/build/lib/irc_control_pkg
[0.556s] copying irc_control_pkg/__init__.py -> /home/pc/irc_ws/irc_ws/build/irc_control_pkg/build/lib/irc_control_pkg
[0.556s] running install
[0.556s] running install_lib
[0.557s] creating /home/pc/irc_ws/irc_ws/install/irc_control_pkg/lib/python3.10/site-packages/irc_control_pkg
[0.558s] byte-compiling /home/pc/irc_ws/irc_ws/install/irc_control_pkg/lib/python3.10/site-packages/irc_control_pkg/detect_yolo_sam_obb_pub.py to detect_yolo_sam_obb_pub.cpython-310.pyc
[0.562s] byte-compiling /home/pc/irc_ws/irc_ws/install/irc_control_pkg/lib/python3.10/site-packages/irc_control_pkg/transform_node.py to transform_node.cpython-310.pyc
[0.563s] byte-compiling /home/pc/irc_ws/irc_ws/install/irc_control_pkg/lib/python3.10/site-packages/irc_control_pkg/point_pose_node.py to point_pose_node.cpython-310.pyc
[0.566s] byte-compiling /home/pc/irc_ws/irc_ws/install/irc_control_pkg/lib/python3.10/site-packages/irc_control_pkg/motor_motion_control_node.py to motor_motion_control_node.cpython-310.pyc
[0.569s] byte-compiling /home/pc/irc_ws/irc_ws/install/irc_control_pkg/lib/python3.10/site-packages/irc_control_pkg/main_irc.py to main_irc.cpython-310.pyc
[0.569s] byte-compiling /home/pc/irc_ws/irc_ws/install/irc_control_pkg/lib/python3.10/site-packages/irc_control_pkg/__init__.py to __init__.cpython-310.pyc
[0.569s] running install_data
[0.569s] creating /home/pc/irc_ws/irc_ws/install/irc_control_pkg/share/ament_index
[0.569s] creating /home/pc/irc_ws/irc_ws/install/irc_control_pkg/share/ament_index/resource_index
[0.570s] creating /home/pc/irc_ws/irc_ws/install/irc_control_pkg/share/ament_index/resource_index/packages
[0.570s] copying resource/irc_control_pkg -> /home/pc/irc_ws/irc_ws/install/irc_control_pkg/share/ament_index/resource_index/packages
[0.570s] copying package.xml -> /home/pc/irc_ws/irc_ws/install/irc_control_pkg/share/irc_control_pkg
[0.570s] running install_egg_info
[0.571s] Copying ../../build/irc_control_pkg/irc_control_pkg.egg-info to /home/pc/irc_ws/irc_ws/install/irc_control_pkg/lib/python3.10/site-packages/irc_control_pkg-0.0.0-py3.10.egg-info
[0.571s] running install_scripts
[0.585s] writing list of installed files to '/home/pc/irc_ws/irc_ws/build/irc_control_pkg/install.log'
[0.615s] Invoked command in '/home/pc/irc_ws/irc_ws/src/irc_control_pkg' returned '0': PYTHONPATH=/home/pc/irc_ws/irc_ws/build/irc_control_pkg/prefix_override:/usr/lib/python3/dist-packages/colcon_core/task/python/colcon_distutils_commands:/home/pc/irc_ws/irc_ws/install/irc_control_pkg/lib/python3.10/site-packages:${PYTHONPATH} /usr/bin/python3 -W ignore:setup.py install is deprecated -W ignore:easy_install command is deprecated setup.py egg_info --egg-base ../../build/irc_control_pkg build --build-base /home/pc/irc_ws/irc_ws/build/irc_control_pkg/build install --record /home/pc/irc_ws/irc_ws/build/irc_control_pkg/install.log --single-version-externally-managed install_data
